{
  "greeting": "Hello world",
  "question": "How are you?"
}